Archive member included to satisfy reference by file (symbol)

d:/subjects/mcu document/stm32cubeide_1.7.0/stm32cubeide/plugins/com.st.stm32cube.ide.mcu.externaltools.gnu-tools-for-stm32.9-2020-q2-update.win32_2.0.0.202105311346/tools/bin/../lib/gcc/arm-none-eabi/9.3.1/../../../../arm-none-eabi/lib/thumb/v7-m/nofp\libc_nano.a(lib_a-errno.o)
                              ./Core/Src/syscalls.o (__errno)
d:/subjects/mcu document/stm32cubeide_1.7.0/stm32cubeide/plugins/com.st.stm32cube.ide.mcu.externaltools.gnu-tools-for-stm32.9-2020-q2-update.win32_2.0.0.202105311346/tools/bin/../lib/gcc/arm-none-eabi/9.3.1/../../../../arm-none-eabi/lib/thumb/v7-m/nofp\libc_nano.a(lib_a-exit.o)
                              d:/subjects/mcu document/stm32cubeide_1.7.0/stm32cubeide/plugins/com.st.stm32cube.ide.mcu.externaltools.gnu-tools-for-stm32.9-2020-q2-update.win32_2.0.0.202105311346/tools/bin/../lib/gcc/arm-none-eabi/9.3.1/../../../../arm-none-eabi/lib/thumb/v7-m/nofp/crt0.o (exit)
d:/subjects/mcu document/stm32cubeide_1.7.0/stm32cubeide/plugins/com.st.stm32cube.ide.mcu.externaltools.gnu-tools-for-stm32.9-2020-q2-update.win32_2.0.0.202105311346/tools/bin/../lib/gcc/arm-none-eabi/9.3.1/../../../../arm-none-eabi/lib/thumb/v7-m/nofp\libc_nano.a(lib_a-impure.o)
                              d:/subjects/mcu document/stm32cubeide_1.7.0/stm32cubeide/plugins/com.st.stm32cube.ide.mcu.externaltools.gnu-tools-for-stm32.9-2020-q2-update.win32_2.0.0.202105311346/tools/bin/../lib/gcc/arm-none-eabi/9.3.1/../../../../arm-none-eabi/lib/thumb/v7-m/nofp\libc_nano.a(lib_a-exit.o) (_global_impure_ptr)
d:/subjects/mcu document/stm32cubeide_1.7.0/stm32cubeide/plugins/com.st.stm32cube.ide.mcu.externaltools.gnu-tools-for-stm32.9-2020-q2-update.win32_2.0.0.202105311346/tools/bin/../lib/gcc/arm-none-eabi/9.3.1/../../../../arm-none-eabi/lib/thumb/v7-m/nofp\libc_nano.a(lib_a-init.o)
                              d:/subjects/mcu document/stm32cubeide_1.7.0/stm32cubeide/plugins/com.st.stm32cube.ide.mcu.externaltools.gnu-tools-for-stm32.9-2020-q2-update.win32_2.0.0.202105311346/tools/bin/../lib/gcc/arm-none-eabi/9.3.1/../../../../arm-none-eabi/lib/thumb/v7-m/nofp/crt0.o (__libc_init_array)
d:/subjects/mcu document/stm32cubeide_1.7.0/stm32cubeide/plugins/com.st.stm32cube.ide.mcu.externaltools.gnu-tools-for-stm32.9-2020-q2-update.win32_2.0.0.202105311346/tools/bin/../lib/gcc/arm-none-eabi/9.3.1/../../../../arm-none-eabi/lib/thumb/v7-m/nofp\libc_nano.a(lib_a-malloc.o)
                              ./Core/Src/linkedList.o (malloc)
d:/subjects/mcu document/stm32cubeide_1.7.0/stm32cubeide/plugins/com.st.stm32cube.ide.mcu.externaltools.gnu-tools-for-stm32.9-2020-q2-update.win32_2.0.0.202105311346/tools/bin/../lib/gcc/arm-none-eabi/9.3.1/../../../../arm-none-eabi/lib/thumb/v7-m/nofp\libc_nano.a(lib_a-memset.o)
                              d:/subjects/mcu document/stm32cubeide_1.7.0/stm32cubeide/plugins/com.st.stm32cube.ide.mcu.externaltools.gnu-tools-for-stm32.9-2020-q2-update.win32_2.0.0.202105311346/tools/bin/../lib/gcc/arm-none-eabi/9.3.1/../../../../arm-none-eabi/lib/thumb/v7-m/nofp/crt0.o (memset)
d:/subjects/mcu document/stm32cubeide_1.7.0/stm32cubeide/plugins/com.st.stm32cube.ide.mcu.externaltools.gnu-tools-for-stm32.9-2020-q2-update.win32_2.0.0.202105311346/tools/bin/../lib/gcc/arm-none-eabi/9.3.1/../../../../arm-none-eabi/lib/thumb/v7-m/nofp\libc_nano.a(lib_a-nano-freer.o)
                              d:/subjects/mcu document/stm32cubeide_1.7.0/stm32cubeide/plugins/com.st.stm32cube.ide.mcu.externaltools.gnu-tools-for-stm32.9-2020-q2-update.win32_2.0.0.202105311346/tools/bin/../lib/gcc/arm-none-eabi/9.3.1/../../../../arm-none-eabi/lib/thumb/v7-m/nofp\libc_nano.a(lib_a-malloc.o) (_free_r)
d:/subjects/mcu document/stm32cubeide_1.7.0/stm32cubeide/plugins/com.st.stm32cube.ide.mcu.externaltools.gnu-tools-for-stm32.9-2020-q2-update.win32_2.0.0.202105311346/tools/bin/../lib/gcc/arm-none-eabi/9.3.1/../../../../arm-none-eabi/lib/thumb/v7-m/nofp\libc_nano.a(lib_a-nano-mallocr.o)
                              d:/subjects/mcu document/stm32cubeide_1.7.0/stm32cubeide/plugins/com.st.stm32cube.ide.mcu.externaltools.gnu-tools-for-stm32.9-2020-q2-update.win32_2.0.0.202105311346/tools/bin/../lib/gcc/arm-none-eabi/9.3.1/../../../../arm-none-eabi/lib/thumb/v7-m/nofp\libc_nano.a(lib_a-malloc.o) (_malloc_r)
d:/subjects/mcu document/stm32cubeide_1.7.0/stm32cubeide/plugins/com.st.stm32cube.ide.mcu.externaltools.gnu-tools-for-stm32.9-2020-q2-update.win32_2.0.0.202105311346/tools/bin/../lib/gcc/arm-none-eabi/9.3.1/../../../../arm-none-eabi/lib/thumb/v7-m/nofp\libc_nano.a(lib_a-sbrkr.o)
                              d:/subjects/mcu document/stm32cubeide_1.7.0/stm32cubeide/plugins/com.st.stm32cube.ide.mcu.externaltools.gnu-tools-for-stm32.9-2020-q2-update.win32_2.0.0.202105311346/tools/bin/../lib/gcc/arm-none-eabi/9.3.1/../../../../arm-none-eabi/lib/thumb/v7-m/nofp\libc_nano.a(lib_a-nano-mallocr.o) (_sbrk_r)
[...]
Memory Configuration

Name             Origin             Length             Attributes
RAM              0x0000000020000000 0x0000000000002800 xrw
FLASH            0x0000000008000000 0x0000000000008000 xr
*default*        0x0000000000000000 0xffffffffffffffff

Linker script and memory map

LOAD d:/subjects/mcu document/stm32cubeide_1.7.0/stm32cubeide/plugins/com.st.stm32cube.ide.mcu.externaltools.gnu-tools-for-stm32.9-2020-q2-update.win32_2.0.0.202105311346/tools/bin/../lib/gcc/arm-none-eabi/9.3.1/thumb/v7-m/nofp/crti.o
LOAD d:/subjects/mcu document/stm32cubeide_1.7.0/stm32cubeide/plugins/com.st.stm32cube.ide.mcu.externaltools.gnu-tools-for-stm32.9-2020-q2-update.win32_2.0.0.202105311346/tools/bin/../lib/gcc/arm-none-eabi/9.3.1/thumb/v7-m/nofp/crtbegin.o
LOAD d:/subjects/mcu document/stm32cubeide_1.7.0/stm32cubeide/plugins/com.st.stm32cube.ide.mcu.externaltools.gnu-tools-for-stm32.9-2020-q2-update.win32_2.0.0.202105311346/tools/bin/../lib/gcc/arm-none-eabi/9.3.1/../../../../arm-none-eabi/lib/thumb/v7-m/nofp/crt0.o
LOAD ./Core/Src/linkedList.o
LOAD ./Core/Src/main.o
LOAD ./Core/Src/scheduler.o
LOAD ./Core/Src/stm32f1xx_hal_msp.o
LOAD ./Core/Src/stm32f1xx_it.o
LOAD ./Core/Src/syscalls.o
LOAD ./Core/Src/sysmem.o
LOAD ./Core/Src/system_stm32f1xx.o
LOAD ./Core/Src/timer.o
LOAD ./Core/Startup/startup_stm32f103c6ux.o
LOAD ./Drivers/STM32F1xx_HAL_Driver/Src/stm32f1xx_hal.o
LOAD ./Drivers/STM32F1xx_HAL_Driver/Src/stm32f1xx_hal_cortex.o
LOAD ./Drivers/STM32F1xx_HAL_Driver/Src/stm32f1xx_hal_dma.o
LOAD ./Drivers/STM32F1xx_HAL_Driver/Src/stm32f1xx_hal_exti.o
LOAD ./Drivers/STM32F1xx_HAL_Driver/Src/stm32f1xx_hal_flash.o
LOAD ./Drivers/STM32F1xx_HAL_Driver/Src/stm32f1xx_hal_flash_ex.o
LOAD ./Drivers/STM32F1xx_HAL_Driver/Src/stm32f1xx_hal_gpio.o
LOAD ./Drivers/STM32F1xx_HAL_Driver/Src/stm32f1xx_hal_gpio_ex.o
LOAD ./Drivers/STM32F1xx_HAL_Driver/Src/stm32f1xx_hal_pwr.o
LOAD ./Drivers/STM32F1xx_HAL_Driver/Src/stm32f1xx_hal_rcc.o
LOAD ./Drivers/STM32F1xx_HAL_Driver/Src/stm32f1xx_hal_rcc_ex.o
LOAD ./Drivers/STM32F1xx_HAL_Driver/Src/stm32f1xx_hal_tim.o
LOAD ./Drivers/STM32F1xx_HAL_Driver/Src/stm32f1xx_hal_tim_ex.o
START GROUP
LOAD d:/subjects/mcu document/stm32cubeide_1.7.0/stm32cubeide/plugins/com.st.stm32cube.ide.mcu.externaltools.gnu-tools-for-stm32.9-2020-q2-update.win32_2.0.0.202105311346/tools/bin/../lib/gcc/arm-none-eabi/9.3.1/../../../../arm-none-eabi/lib/thumb/v7-m/nofp\libc_nano.a
LOAD d:/subjects/mcu document/stm32cubeide_1.7.0/stm32cubeide/plugins/com.st.stm32cube.ide.mcu.externaltools.gnu-tools-for-stm32.9-2020-q2-update.win32_2.0.0.202105311346/tools/bin/../lib/gcc/arm-none-eabi/9.3.1/../../../../arm-none-eabi/lib/thumb/v7-m/nofp\libm.a
END GROUP
START GROUP
LOAD d:/subjects/mcu document/stm32cubeide_1.7.0/stm32cubeide/plugins/com.st.stm32cube.ide.mcu.externaltools.gnu-tools-for-stm32.9-2020-q2-update.win32_2.0.0.202105311346/tools/bin/../lib/gcc/arm-none-eabi/9.3.1/thumb/v7-m/nofp\libgcc.a
LOAD d:/subjects/mcu document/stm32cubeide_1.7.0/stm32cubeide/plugins/com.st.stm32cube.ide.mcu.externaltools.gnu-tools-for-stm32.9-2020-q2-update.win32_2.0.0.202105311346/tools/bin/../lib/gcc/arm-none-eabi/9.3.1/../../../../arm-none-eabi/lib/thumb/v7-m/nofp\libc_nano.a
END GROUP
START GROUP
LOAD d:/subjects/mcu document/stm32cubeide_1.7.0/stm32cubeide/plugins/com.st.stm32cube.ide.mcu.externaltools.gnu-tools-for-stm32.9-2020-q2-update.win32_2.0.0.202105311346/tools/bin/../lib/gcc/arm-none-eabi/9.3.1/thumb/v7-m/nofp\libgcc.a
LOAD d:/subjects/mcu document/stm32cubeide_1.7.0/stm32cubeide/plugins/com.st.stm32cube.ide.mcu.externaltools.gnu-tools-for-stm32.9-2020-q2-update.win32_2.0.0.202105311346/tools/bin/../lib/gcc/arm-none-eabi/9.3.1/../../../../arm-none-eabi/lib/thumb/v7-m/nofp\libc_nano.a
LOAD d:/subjects/mcu document/stm32cubeide_1.7.0/stm32cubeide/plugins/com.st.stm32cube.ide.mcu.externaltools.gnu-tools-for-stm32.9-2020-q2-update.win32_2.0.0.202105311346/tools/bin/../lib/gcc/arm-none-eabi/9.3.1/../../../../arm-none-eabi/lib/thumb/v7-m/nofp\libnosys.a
END GROUP
START GROUP
LOAD d:/subjects/mcu document/stm32cubeide_1.7.0/stm32cubeide/plugins/com.st.stm32cube.ide.mcu.externaltools.gnu-tools-for-stm32.9-2020-q2-update.win32_2.0.0.202105311346/tools/bin/../lib/gcc/arm-none-eabi/9.3.1/thumb/v7-m/nofp\libgcc.a
LOAD d:/subjects/mcu document/stm32cubeide_1.7.0/stm32cubeide/plugins/com.st.stm32cube.ide.mcu.externaltools.gnu-tools-for-stm32.9-2020-q2-update.win32_2.0.0.202105311346/tools/bin/../lib/gcc/arm-none-eabi/9.3.1/../../../../arm-none-eabi/lib/thumb/v7-m/nofp\libc_nano.a
LOAD d:/subjects/mcu document/stm32cubeide_1.7.0/stm32cubeide/plugins/com.st.stm32cube.ide.mcu.externaltools.gnu-tools-for-stm32.9-2020-q2-update.win32_2.0.0.202105311346/tools/bin/../lib/gcc/arm-none-eabi/9.3.1/../../../../arm-none-eabi/lib/thumb/v7-m/nofp\libnosys.a
END GROUP
LOAD d:/subjects/mcu document/stm32cubeide_1.7.0/stm32cubeide/plugins/com.st.stm32cube.ide.mcu.externaltools.gnu-tools-for-stm32.9-2020-q2-update.win32_2.0.0.202105311346/tools/bin/../lib/gcc/arm-none-eabi/9.3.1/thumb/v7-m/nofp/crtend.o
LOAD d:/subjects/mcu document/stm32cubeide_1.7.0/stm32cubeide/plugins/com.st.stm32cube.ide.mcu.externaltools.gnu-tools-for-stm32.9-2020-q2-update.win32_2.0.0.202105311346/tools/bin/../lib/gcc/arm-none-eabi/9.3.1/thumb/v7-m/nofp/crtn.o
                0x0000000020002800                _estack = (ORIGIN (RAM) + LENGTH (RAM))
                0x0000000000000200                _Min_Heap_Size = 0x200
                0x0000000000000400                _Min_Stack_Size = 0x400

.isr_vector     0x0000000008000000      0x10c
                0x0000000008000000                . = ALIGN (0x4)
 *(.isr_vector)
 .isr_vector    0x0000000008000000      0x10c ./Core/Startup/startup_stm32f103c6ux.o
                0x0000000008000000                g_pfnVectors
                0x000000000800010c                . = ALIGN (0x4)

.text           0x000000000800010c     0x220c
                0x000000000800010c                . = ALIGN (0x4)
 *(.text)
 .text          0x000000000800010c       0x40 d:/subjects/mcu document/stm32cubeide_1.7.0/stm32cubeide/plugins/com.st.stm32cube.ide.mcu.externaltools.gnu-tools-for-stm32.9-2020-q2-update.win32_2.0.0.202105311346/tools/bin/../lib/gcc/arm-none-eabi/9.3.1/thumb/v7-m/nofp/crtbegin.o
 *(.text*)
 .text.add      0x000000000800014c      0x13e ./Core/Src/linkedList.o
                0x000000000800014c                add
 .text.delete   0x000000000800028a       0xda ./Core/Src/linkedList.o
                0x000000000800028a                delete
 .text.deleteHead
                0x0000000008000364       0x4c ./Core/Src/linkedList.o
                0x0000000008000364                deleteHead
 .text.ledTest_0
                0x00000000080003b0       0x14 ./Core/Src/main.o
                0x00000000080003b0                ledTest_0
 .text.ledTest_1
                0x00000000080003c4       0x14 ./Core/Src/main.o
                0x00000000080003c4                ledTest_1
 .text.ledTest_2
                0x00000000080003d8       0x14 ./Core/Src/main.o
                0x00000000080003d8                ledTest_2
 .text.ledTest_3
                0x00000000080003ec       0x14 ./Core/Src/main.o
                0x00000000080003ec                ledTest_3
 .text.ledTest_4
                0x0000000008000400       0x14 ./Core/Src/main.o
                0x0000000008000400                ledTest_4
 .text.main     0x0000000008000414       0xc4 ./Core/Src/main.o
                0x0000000008000414                main
 .text.SystemClock_Config
                0x00000000080004d8       0x76 ./Core/Src/main.o
                0x00000000080004d8                SystemClock_Config
 *fill*         0x000000000800054e        0x2 
 .text.MX_TIM2_Init
                0x0000000008000550       0x98 ./Core/Src/main.o
 .text.MX_GPIO_Init
                0x00000000080005e8       0x64 ./Core/Src/main.o
 .text.HAL_TIM_PeriodElapsedCallback
                0x000000000800064c       0x18 ./Core/Src/main.o
                0x000000000800064c                HAL_TIM_PeriodElapsedCallback
 .text.Error_Handler
                0x0000000008000664        0xa ./Core/Src/main.o
                0x0000000008000664                Error_Handler
 *fill*         0x000000000800066e        0x2 
 .text.SCH_Init
                0x0000000008000670       0x54 ./Core/Src/scheduler.o
                0x0000000008000670                SCH_Init
 .text.SCH_Update
                0x00000000080006c4       0x34 ./Core/Src/scheduler.o
                0x00000000080006c4                SCH_Update
 .text.SCH_Add_Task
                0x00000000080006f8       0x98 ./Core/Src/scheduler.o
                0x00000000080006f8                SCH_Add_Task
 .text.SCH_Dispatch_Tasks
                0x0000000008000790       0x88 ./Core/Src/scheduler.o
                0x0000000008000790                SCH_Dispatch_Tasks
 .text.SCH_Go_To_Sleep
                0x0000000008000818       0x18 ./Core/Src/scheduler.o
                0x0000000008000818                SCH_Go_To_Sleep
 .text.SCH_Delete_Task
                0x0000000008000830       0x48 ./Core/Src/scheduler.o
                0x0000000008000830                SCH_Delete_Task
 .text.HAL_MspInit
                0x0000000008000878       0x64 ./Core/Src/stm32f1xx_hal_msp.o
                0x0000000008000878                HAL_MspInit
 .text.HAL_TIM_Base_MspInit
                0x00000000080008dc       0x48 ./Core/Src/stm32f1xx_hal_msp.o
                0x00000000080008dc                HAL_TIM_Base_MspInit
 .text.NMI_Handler
                0x0000000008000924        0x6 ./Core/Src/stm32f1xx_it.o
                0x0000000008000924                NMI_Handler
 .text.HardFault_Handler
                0x000000000800092a        0x6 ./Core/Src/stm32f1xx_it.o
                0x000000000800092a                HardFault_Handler
 .text.MemManage_Handler
                0x0000000008000930        0x6 ./Core/Src/stm32f1xx_it.o
                0x0000000008000930                MemManage_Handler
 .text.BusFault_Handler
                0x0000000008000936        0x6 ./Core/Src/stm32f1xx_it.o
                0x0000000008000936                BusFault_Handler
 .text.UsageFault_Handler
                0x000000000800093c        0x6 ./Core/Src/stm32f1xx_it.o
                0x000000000800093c                UsageFault_Handler
 .text.SVC_Handler
                0x0000000008000942        0xc ./Core/Src/stm32f1xx_it.o
                0x0000000008000942                SVC_Handler
 .text.DebugMon_Handler
                0x000000000800094e        0xc ./Core/Src/stm32f1xx_it.o
                0x000000000800094e                DebugMon_Handler
 .text.PendSV_Handler
                0x000000000800095a        0xc ./Core/Src/stm32f1xx_it.o
                0x000000000800095a                PendSV_Handler
 .text.SysTick_Handler
                0x0000000008000966        0xc ./Core/Src/stm32f1xx_it.o
                0x0000000008000966                SysTick_Handler
 *fill*         0x0000000008000972        0x2 
 .text.TIM2_IRQHandler
                0x0000000008000974       0x14 ./Core/Src/stm32f1xx_it.o
                0x0000000008000974                TIM2_IRQHandler
 .text._sbrk    0x0000000008000988       0x6c ./Core/Src/sysmem.o
                0x0000000008000988                _sbrk
 .text.SystemInit
                0x00000000080009f4        0xc ./Core/Src/system_stm32f1xx.o
                0x00000000080009f4                SystemInit
 .text.setTimer0
                0x0000000008000a00       0x34 ./Core/Src/timer.o
                0x0000000008000a00                setTimer0
 .text.timerRun
                0x0000000008000a34       0x34 ./Core/Src/timer.o
                0x0000000008000a34                timerRun
 .text.Reset_Handler
                0x0000000008000a68       0x48 ./Core/Startup/startup_stm32f103c6ux.o
                0x0000000008000a68                Reset_Handler
 .text.Default_Handler
                0x0000000008000ab0        0x2 ./Core/Startup/startup_stm32f103c6ux.o
                0x0000000008000ab0                RTC_Alarm_IRQHandler
                0x0000000008000ab0                EXTI2_IRQHandler
                0x0000000008000ab0                TIM1_CC_IRQHandler
                0x0000000008000ab0                PVD_IRQHandler
                0x0000000008000ab0                EXTI3_IRQHandler
                0x0000000008000ab0                EXTI0_IRQHandler
                0x0000000008000ab0                ADC1_2_IRQHandler
                0x0000000008000ab0                SPI1_IRQHandler
                0x0000000008000ab0                TAMPER_IRQHandler
                0x0000000008000ab0                DMA1_Channel4_IRQHandler
                0x0000000008000ab0                RTC_IRQHandler
                0x0000000008000ab0                DMA1_Channel7_IRQHandler
                0x0000000008000ab0                CAN1_RX1_IRQHandler
                0x0000000008000ab0                I2C1_EV_IRQHandler
                0x0000000008000ab0                DMA1_Channel6_IRQHandler
                0x0000000008000ab0                TIM3_IRQHandler
                0x0000000008000ab0                RCC_IRQHandler
                0x0000000008000ab0                TIM1_TRG_COM_IRQHandler
                0x0000000008000ab0                DMA1_Channel1_IRQHandler
                0x0000000008000ab0                Default_Handler
                0x0000000008000ab0                EXTI15_10_IRQHandler
                0x0000000008000ab0                EXTI9_5_IRQHandler
                0x0000000008000ab0                DMA1_Channel5_IRQHandler
                0x0000000008000ab0                EXTI4_IRQHandler
                0x0000000008000ab0                USB_LP_CAN1_RX0_IRQHandler
                0x0000000008000ab0                USB_HP_CAN1_TX_IRQHandler
                0x0000000008000ab0                DMA1_Channel3_IRQHandler
                0x0000000008000ab0                TIM1_UP_IRQHandler
                0x0000000008000ab0                WWDG_IRQHandler
                0x0000000008000ab0                TIM1_BRK_IRQHandler
                0x0000000008000ab0                EXTI1_IRQHandler
                0x0000000008000ab0                USART2_IRQHandler
                0x0000000008000ab0                DMA1_Channel2_IRQHandler
                0x0000000008000ab0                CAN1_SCE_IRQHandler
                0x0000000008000ab0                FLASH_IRQHandler
                0x0000000008000ab0                USART1_IRQHandler
                0x0000000008000ab0                I2C1_ER_IRQHandler
                0x0000000008000ab0                USBWakeUp_IRQHandler
 *fill*         0x0000000008000ab2        0x2 
 .text.HAL_Init
                0x0000000008000ab4       0x2c ./Drivers/STM32F1xx_HAL_Driver/Src/stm32f1xx_hal.o
                0x0000000008000ab4                HAL_Init
 .text.HAL_InitTick
                0x0000000008000ae0       0x60 ./Drivers/STM32F1xx_HAL_Driver/Src/stm32f1xx_hal.o
                0x0000000008000ae0                HAL_InitTick
 .text.HAL_IncTick
                0x0000000008000b40       0x24 ./Drivers/STM32F1xx_HAL_Driver/Src/stm32f1xx_hal.o
                0x0000000008000b40                HAL_IncTick
 .text.HAL_GetTick
                0x0000000008000b64       0x14 ./Drivers/STM32F1xx_HAL_Driver/Src/stm32f1xx_hal.o
                0x0000000008000b64                HAL_GetTick
 .text.HAL_SuspendTick
                0x0000000008000b78       0x1c ./Drivers/STM32F1xx_HAL_Driver/Src/stm32f1xx_hal.o
                0x0000000008000b78                HAL_SuspendTick
 .text.HAL_ResumeTick
                0x0000000008000b94       0x1c ./Drivers/STM32F1xx_HAL_Driver/Src/stm32f1xx_hal.o
                0x0000000008000b94                HAL_ResumeTick
 .text.__NVIC_SetPriorityGrouping
                0x0000000008000bb0       0x48 ./Drivers/STM32F1xx_HAL_Driver/Src/stm32f1xx_hal_cortex.o
 .text.__NVIC_GetPriorityGrouping
                0x0000000008000bf8       0x1c ./Drivers/STM32F1xx_HAL_Driver/Src/stm32f1xx_hal_cortex.o
 .text.__NVIC_EnableIRQ
                0x0000000008000c14       0x38 ./Drivers/STM32F1xx_HAL_Driver/Src/stm32f1xx_hal_cortex.o
 .text.__NVIC_SetPriority
                0x0000000008000c4c       0x54 ./Drivers/STM32F1xx_HAL_Driver/Src/stm32f1xx_hal_cortex.o
 .text.NVIC_EncodePriority
                0x0000000008000ca0       0x64 ./Drivers/STM32F1xx_HAL_Driver/Src/stm32f1xx_hal_cortex.o
 .text.SysTick_Config
                0x0000000008000d04       0x44 ./Drivers/STM32F1xx_HAL_Driver/Src/stm32f1xx_hal_cortex.o
 .text.HAL_NVIC_SetPriorityGrouping
                0x0000000008000d48       0x16 ./Drivers/STM32F1xx_HAL_Driver/Src/stm32f1xx_hal_cortex.o
                0x0000000008000d48                HAL_NVIC_SetPriorityGrouping
 .text.HAL_NVIC_SetPriority
                0x0000000008000d5e       0x38 ./Drivers/STM32F1xx_HAL_Driver/Src/stm32f1xx_hal_cortex.o
                0x0000000008000d5e                HAL_NVIC_SetPriority
 .text.HAL_NVIC_EnableIRQ
                0x0000000008000d96       0x1c ./Drivers/STM32F1xx_HAL_Driver/Src/stm32f1xx_hal_cortex.o
                0x0000000008000d96                HAL_NVIC_EnableIRQ
 .text.HAL_SYSTICK_Config
                0x0000000008000db2       0x18 ./Drivers/STM32F1xx_HAL_Driver/Src/stm32f1xx_hal_cortex.o
                0x0000000008000db2                HAL_SYSTICK_Config
 *fill*         0x0000000008000dca        0x2 
 .text.HAL_GPIO_Init
                0x0000000008000dcc      0x2f4 ./Drivers/STM32F1xx_HAL_Driver/Src/stm32f1xx_hal_gpio.o
                0x0000000008000dcc                HAL_GPIO_Init
 .text.HAL_GPIO_WritePin
                0x00000000080010c0       0x30 ./Drivers/STM32F1xx_HAL_Driver/Src/stm32f1xx_hal_gpio.o
                0x00000000080010c0                HAL_GPIO_WritePin
 .text.HAL_GPIO_TogglePin
                0x00000000080010f0       0x32 ./Drivers/STM32F1xx_HAL_Driver/Src/stm32f1xx_hal_gpio.o
                0x00000000080010f0                HAL_GPIO_TogglePin
 *fill*         0x0000000008001122        0x2 
 .text.HAL_PWR_EnterSLEEPMode
                0x0000000008001124       0x38 ./Drivers/STM32F1xx_HAL_Driver/Src/stm32f1xx_hal_pwr.o
                0x0000000008001124                HAL_PWR_EnterSLEEPMode
 .text.HAL_RCC_OscConfig
                0x000000000800115c      0x500 ./Drivers/STM32F1xx_HAL_Driver/Src/stm32f1xx_hal_rcc.o
                0x000000000800115c                HAL_RCC_OscConfig
 .text.HAL_RCC_ClockConfig
                0x000000000800165c      0x1d4 ./Drivers/STM32F1xx_HAL_Driver/Src/stm32f1xx_hal_rcc.o
                0x000000000800165c                HAL_RCC_ClockConfig
 .text.HAL_RCC_GetSysClockFreq
                0x0000000008001830       0xc0 ./Drivers/STM32F1xx_HAL_Driver/Src/stm32f1xx_hal_rcc.o
                0x0000000008001830                HAL_RCC_GetSysClockFreq
 .text.RCC_Delay
                0x00000000080018f0       0x3c ./Drivers/STM32F1xx_HAL_Driver/Src/stm32f1xx_hal_rcc.o
 .text.HAL_TIM_Base_Init
                0x000000000800192c       0x9e ./Drivers/STM32F1xx_HAL_Driver/Src/stm32f1xx_hal_tim.o
                0x000000000800192c                HAL_TIM_Base_Init
 *fill*         0x00000000080019ca        0x2 
 .text.HAL_TIM_Base_Start_IT
                0x00000000080019cc       0x98 ./Drivers/STM32F1xx_HAL_Driver/Src/stm32f1xx_hal_tim.o
                0x00000000080019cc                HAL_TIM_Base_Start_IT
 .text.HAL_TIM_IRQHandler
                0x0000000008001a64      0x210 ./Drivers/STM32F1xx_HAL_Driver/Src/stm32f1xx_hal_tim.o
                0x0000000008001a64                HAL_TIM_IRQHandler
 .text.HAL_TIM_ConfigClockSource
                0x0000000008001c74      0x188 ./Drivers/STM32F1xx_HAL_Driver/Src/stm32f1xx_hal_tim.o
                0x0000000008001c74                HAL_TIM_ConfigClockSource
 .text.HAL_TIM_OC_DelayElapsedCallback
                0x0000000008001dfc       0x12 ./Drivers/STM32F1xx_HAL_Driver/Src/stm32f1xx_hal_tim.o
                0x0000000008001dfc                HAL_TIM_OC_DelayElapsedCallback
 .text.HAL_TIM_IC_CaptureCallback
                0x0000000008001e0e       0x12 ./Drivers/STM32F1xx_HAL_Driver/Src/stm32f1xx_hal_tim.o
                0x0000000008001e0e                HAL_TIM_IC_CaptureCallback
 .text.HAL_TIM_PWM_PulseFinishedCallback
                0x0000000008001e20       0x12 ./Drivers/STM32F1xx_HAL_Driver/Src/stm32f1xx_hal_tim.o
                0x0000000008001e20                HAL_TIM_PWM_PulseFinishedCallback
 .text.HAL_TIM_TriggerCallback
                0x0000000008001e32       0x12 ./Drivers/STM32F1xx_HAL_Driver/Src/stm32f1xx_hal_tim.o
                0x0000000008001e32                HAL_TIM_TriggerCallback
 .text.TIM_Base_SetConfig
                0x0000000008001e44       0xb0 ./Drivers/STM32F1xx_HAL_Driver/Src/stm32f1xx_hal_tim.o
                0x0000000008001e44                TIM_Base_SetConfig
 .text.TIM_TI1_ConfigInputStage
                0x0000000008001ef4       0x5c ./Drivers/STM32F1xx_HAL_Driver/Src/stm32f1xx_hal_tim.o
 .text.TIM_TI2_ConfigInputStage
                0x0000000008001f50       0x5e ./Drivers/STM32F1xx_HAL_Driver/Src/stm32f1xx_hal_tim.o
 .text.TIM_ITRx_SetConfig
                0x0000000008001fae       0x34 ./Drivers/STM32F1xx_HAL_Driver/Src/stm32f1xx_hal_tim.o
 .text.TIM_ETR_SetConfig
                0x0000000008001fe2       0x3e ./Drivers/STM32F1xx_HAL_Driver/Src/stm32f1xx_hal_tim.o
                0x0000000008001fe2                TIM_ETR_SetConfig
 .text.HAL_TIMEx_MasterConfigSynchronization
                0x0000000008002020       0xb0 ./Drivers/STM32F1xx_HAL_Driver/Src/stm32f1xx_hal_tim_ex.o
                0x0000000008002020                HAL_TIMEx_MasterConfigSynchronization
 .text.HAL_TIMEx_CommutCallback
                0x00000000080020d0       0x12 ./Drivers/STM32F1xx_HAL_Driver/Src/stm32f1xx_hal_tim_ex.o
                0x00000000080020d0                HAL_TIMEx_CommutCallback
 .text.HAL_TIMEx_BreakCallback
                0x00000000080020e2       0x12 ./Drivers/STM32F1xx_HAL_Driver/Src/stm32f1xx_hal_tim_ex.o
                0x00000000080020e2                HAL_TIMEx_BreakCallback
 .text.__errno  0x00000000080020f4        0xc d:/subjects/mcu document/stm32cubeide_1.7.0/stm32cubeide/plugins/com.st.stm32cube.ide.mcu.externaltools.gnu-tools-for-stm32.9-2020-q2-update.win32_2.0.0.202105311346/tools/bin/../lib/gcc/arm-none-eabi/9.3.1/../../../../arm-none-eabi/lib/thumb/v7-m/nofp\libc_nano.a(lib_a-errno.o)
                0x00000000080020f4                __errno
 .text.__libc_init_array
                0x0000000008002100       0x48 d:/subjects/mcu document/stm32cubeide_1.7.0/stm32cubeide/plugins/com.st.stm32cube.ide.mcu.externaltools.gnu-tools-for-stm32.9-2020-q2-update.win32_2.0.0.202105311346/tools/bin/../lib/gcc/arm-none-eabi/9.3.1/../../../../arm-none-eabi/lib/thumb/v7-m/nofp\libc_nano.a(lib_a-init.o)
                0x0000000008002100                __libc_init_array
 .text.malloc   0x0000000008002148       0x10 d:/subjects/mcu document/stm32cubeide_1.7.0/stm32cubeide/plugins/com.st.stm32cube.ide.mcu.externaltools.gnu-tools-for-stm32.9-2020-q2-update.win32_2.0.0.202105311346/tools/bin/../lib/gcc/arm-none-eabi/9.3.1/../../../../arm-none-eabi/lib/thumb/v7-m/nofp\libc_nano.a(lib_a-malloc.o)
                0x0000000008002148                malloc
 .text.free     0x0000000008002158       0x10 d:/subjects/mcu document/stm32cubeide_1.7.0/stm32cubeide/plugins/com.st.stm32cube.ide.mcu.externaltools.gnu-tools-for-stm32.9-2020-q2-update.win32_2.0.0.202105311346/tools/bin/../lib/gcc/arm-none-eabi/9.3.1/../../../../arm-none-eabi/lib/thumb/v7-m/nofp\libc_nano.a(lib_a-malloc.o)
                0x0000000008002158                free
 .text.memset   0x0000000008002168       0x10 d:/subjects/mcu document/stm32cubeide_1.7.0/stm32cubeide/plugins/com.st.stm32cube.ide.mcu.externaltools.gnu-tools-for-stm32.9-2020-q2-update.win32_2.0.0.202105311346/tools/bin/../lib/gcc/arm-none-eabi/9.3.1/../../../../arm-none-eabi/lib/thumb/v7-m/nofp\libc_nano.a(lib_a-memset.o)
                0x0000000008002168                memset
 .text._free_r  0x0000000008002178       0x98 d:/subjects/mcu document/stm32cubeide_1.7.0/stm32cubeide/plugins/com.st.stm32cube.ide.mcu.externaltools.gnu-tools-for-stm32.9-2020-q2-update.win32_2.0.0.202105311346/tools/bin/../lib/gcc/arm-none-eabi/9.3.1/../../../../arm-none-eabi/lib/thumb/v7-m/nofp\libc_nano.a(lib_a-nano-freer.o)
                0x0000000008002178                _free_r
 .text._malloc_r
                0x0000000008002210       0xb4 d:/subjects/mcu document/stm32cubeide_1.7.0/stm32cubeide/plugins/com.st.stm32cube.ide.mcu.externaltools.gnu-tools-for-stm32.9-2020-q2-update.win32_2.0.0.202105311346/tools/bin/../lib/gcc/arm-none-eabi/9.3.1/../../../../arm-none-eabi/lib/thumb/v7-m/nofp\libc_nano.a(lib_a-nano-mallocr.o)
                0x0000000008002210                _malloc_r
 .text._sbrk_r  0x00000000080022c4       0x20 d:/subjects/mcu document/stm32cubeide_1.7.0/stm32cubeide/plugins/com.st.stm32cube.ide.mcu.externaltools.gnu-tools-for-stm32.9-2020-q2-update.win32_2.0.0.202105311346/tools/bin/../lib/gcc/arm-none-eabi/9.3.1/../../../../arm-none-eabi/lib/thumb/v7-m/nofp\libc_nano.a(lib_a-sbrkr.o)
                0x00000000080022c4                _sbrk_r
 .text.__malloc_lock
                0x00000000080022e4        0xc d:/subjects/mcu document/stm32cubeide_1.7.0/stm32cubeide/plugins/com.st.stm32cube.ide.mcu.externaltools.gnu-tools-for-stm32.9-2020-q2-update.win32_2.0.0.202105311346/tools/bin/../lib/gcc/arm-none-eabi/9.3.1/../../../../arm-none-eabi/lib/thumb/v7-m/nofp\libc_nano.a(lib_a-mlock.o)
                0x00000000080022e4                __malloc_lock
 .text.__malloc_unlock
                0x00000000080022f0        0xc d:/subjects/mcu document/stm32cubeide_1.7.0/stm32cubeide/plugins/com.st.stm32cube.ide.mcu.externaltools.gnu-tools-for-stm32.9-2020-q2-update.win32_2.0.0.202105311346/tools/bin/../lib/gcc/arm-none-eabi/9.3.1/../../../../arm-none-eabi/lib/thumb/v7-m/nofp\libc_nano.a(lib_a-mlock.o)
                0x00000000080022f0                __malloc_unlock
 .text.__retarget_lock_acquire_recursive
                0x00000000080022fc        0x2 d:/subjects/mcu document/stm32cubeide_1.7.0/stm32cubeide/plugins/com.st.stm32cube.ide.mcu.externaltools.gnu-tools-for-stm32.9-2020-q2-update.win32_2.0.0.202105311346/tools/bin/../lib/gcc/arm-none-eabi/9.3.1/../../../../arm-none-eabi/lib/thumb/v7-m/nofp\libc_nano.a(lib_a-lock.o)
                0x00000000080022fc                __retarget_lock_acquire_recursive
 .text.__retarget_lock_release_recursive
                0x00000000080022fe        0x2 d:/subjects/mcu document/stm32cubeide_1.7.0/stm32cubeide/plugins/com.st.stm32cube.ide.mcu.externaltools.gnu-tools-for-stm32.9-2020-q2-update.win32_2.0.0.202105311346/tools/bin/../lib/gcc/arm-none-eabi/9.3.1/../../../../arm-none-eabi/lib/thumb/v7-m/nofp\libc_nano.a(lib_a-lock.o)
                0x00000000080022fe                __retarget_lock_release_recursive
 *(.glue_7)
 .glue_7        0x0000000008002300        0x0 linker stubs
 *(.glue_7t)
 .glue_7t       0x0000000008002300        0x0 linker stubs
 *(.eh_frame)
 .eh_frame      0x0000000008002300        0x0 d:/subjects/mcu document/stm32cubeide_1.7.0/stm32cubeide/plugins/com.st.stm32cube.ide.mcu.externaltools.gnu-tools-for-stm32.9-2020-q2-update.win32_2.0.0.202105311346/tools/bin/../lib/gcc/arm-none-eabi/9.3.1/thumb/v7-m/nofp/crtbegin.o
 *(.init)
 .init          0x0000000008002300        0x4 d:/subjects/mcu document/stm32cubeide_1.7.0/stm32cubeide/plugins/com.st.stm32cube.ide.mcu.externaltools.gnu-tools-for-stm32.9-2020-q2-update.win32_2.0.0.202105311346/tools/bin/../lib/gcc/arm-none-eabi/9.3.1/thumb/v7-m/nofp/crti.o
                0x0000000008002300                _init
 .init          0x0000000008002304        0x8 d:/subjects/mcu document/stm32cubeide_1.7.0/stm32cubeide/plugins/com.st.stm32cube.ide.mcu.externaltools.gnu-tools-for-stm32.9-2020-q2-update.win32_2.0.0.202105311346/tools/bin/../lib/gcc/arm-none-eabi/9.3.1/thumb/v7-m/nofp/crtn.o
 *(.fini)
 .fini          0x000000000800230c        0x4 d:/subjects/mcu document/stm32cubeide_1.7.0/stm32cubeide/plugins/com.st.stm32cube.ide.mcu.externaltools.gnu-tools-for-stm32.9-2020-q2-update.win32_2.0.0.202105311346/tools/bin/../lib/gcc/arm-none-eabi/9.3.1/thumb/v7-m/nofp/crti.o
                0x000000000800230c                _fini
 .fini          0x0000000008002310        0x8 d:/subjects/mcu document/stm32cubeide_1.7.0/stm32cubeide/plugins/com.st.stm32cube.ide.mcu.externaltools.gnu-tools-for-stm32.9-2020-q2-update.win32_2.0.0.202105311346/tools/bin/../lib/gcc/arm-none-eabi/9.3.1/thumb/v7-m/nofp/crtn.o
                0x0000000008002318                . = ALIGN (0x4)
                0x0000000008002318                _etext = .

.vfp11_veneer   0x0000000008002318        0x0
 .vfp11_veneer  0x0000000008002318        0x0 linker stubs

.v4_bx          0x0000000008002318        0x0
 .v4_bx         0x0000000008002318        0x0 linker stubs

.iplt           0x0000000008002318        0x0
 .iplt          0x0000000008002318        0x0 d:/subjects/mcu document/stm32cubeide_1.7.0/stm32cubeide/plugins/com.st.stm32cube.ide.mcu.externaltools.gnu-tools-for-stm32.9-2020-q2-update.win32_2.0.0.202105311346/tools/bin/../lib/gcc/arm-none-eabi/9.3.1/thumb/v7-m/nofp/crtbegin.o

.rodata         0x0000000008002318       0x20
                0x0000000008002318                . = ALIGN (0x4)
 *(.rodata)
 .rodata        0x0000000008002318       0x10 ./Drivers/STM32F1xx_HAL_Driver/Src/stm32f1xx_hal_rcc.o
 *(.rodata*)
 .rodata.AHBPrescTable
                0x0000000008002328       0x10 ./Core/Src/system_stm32f1xx.o
                0x0000000008002328                AHBPrescTable
                0x0000000008002338                . = ALIGN (0x4)

.rel.dyn        0x0000000008002338        0x0
 .rel.iplt      0x0000000008002338        0x0 d:/subjects/mcu document/stm32cubeide_1.7.0/stm32cubeide/plugins/com.st.stm32cube.ide.mcu.externaltools.gnu-tools-for-stm32.9-2020-q2-update.win32_2.0.0.202105311346/tools/bin/../lib/gcc/arm-none-eabi/9.3.1/thumb/v7-m/nofp/crtbegin.o

.ARM.extab      0x0000000008002338        0x0
                0x0000000008002338                . = ALIGN (0x4)
 *(.ARM.extab* .gnu.linkonce.armextab.*)
                0x0000000008002338                . = ALIGN (0x4)

.ARM            0x0000000008002338        0x0
                0x0000000008002338                . = ALIGN (0x4)
                0x0000000008002338                __exidx_start = .
 *(.ARM.exidx*)
                0x0000000008002338                __exidx_end = .
                0x0000000008002338                . = ALIGN (0x4)

.preinit_array  0x0000000008002338        0x0
                0x0000000008002338                . = ALIGN (0x4)
                0x0000000008002338                PROVIDE (__preinit_array_start = .)
 *(.preinit_array*)
                0x0000000008002338                PROVIDE (__preinit_array_end = .)
                0x0000000008002338                . = ALIGN (0x4)

.init_array     0x0000000008002338        0x4
                0x0000000008002338                . = ALIGN (0x4)
                0x0000000008002338                PROVIDE (__init_array_start = .)
 *(SORT_BY_NAME(.init_array.*))
 *(.init_array*)
 .init_array    0x0000000008002338        0x4 d:/subjects/mcu document/stm32cubeide_1.7.0/stm32cubeide/plugins/com.st.stm32cube.ide.mcu.externaltools.gnu-tools-for-stm32.9-2020-q2-update.win32_2.0.0.202105311346/tools/bin/../lib/gcc/arm-none-eabi/9.3.1/thumb/v7-m/nofp/crtbegin.o
                0x000000000800233c                PROVIDE (__init_array_end = .)
                0x000000000800233c                . = ALIGN (0x4)

.fini_array     0x000000000800233c        0x4
                0x000000000800233c                . = ALIGN (0x4)
                [!provide]                        PROVIDE (__fini_array_start = .)
 *(SORT_BY_NAME(.fini_array.*))
 *(.fini_array*)
 .fini_array    0x000000000800233c        0x4 d:/subjects/mcu document/stm32cubeide_1.7.0/stm32cubeide/plugins/com.st.stm32cube.ide.mcu.externaltools.gnu-tools-for-stm32.9-2020-q2-update.win32_2.0.0.202105311346/tools/bin/../lib/gcc/arm-none-eabi/9.3.1/thumb/v7-m/nofp/crtbegin.o
                [!provide]                        PROVIDE (__fini_array_end = .)
                0x0000000008002340                . = ALIGN (0x4)
                0x0000000008002340                _sidata = LOADADDR (.data)

.data           0x0000000020000000       0x78 load address 0x0000000008002340
                0x0000000020000000                . = ALIGN (0x4)
                0x0000000020000000                _sdata = .
 *(.data)
 *(.data*)
 .data.SCH_CYCLE
                0x0000000020000000        0x4 ./Core/Src/scheduler.o
                0x0000000020000000                SCH_CYCLE
 .data.SystemCoreClock
                0x0000000020000004        0x4 ./Core/Src/system_stm32f1xx.o
                0x0000000020000004                SystemCoreClock
 .data.TIMER_CYCLE
                0x0000000020000008        0x4 ./Core/Src/timer.o
                0x0000000020000008                TIMER_CYCLE
 .data.uwTickPrio
                0x000000002000000c        0x4 ./Drivers/STM32F1xx_HAL_Driver/Src/stm32f1xx_hal.o
                0x000000002000000c                uwTickPrio
 .data.uwTickFreq
                0x0000000020000010        0x1 ./Drivers/STM32F1xx_HAL_Driver/Src/stm32f1xx_hal.o
                0x0000000020000010                uwTickFreq
 *fill*         0x0000000020000011        0x3 
 .data._impure_ptr
                0x0000000020000014        0x4 d:/subjects/mcu document/stm32cubeide_1.7.0/stm32cubeide/plugins/com.st.stm32cube.ide.mcu.externaltools.gnu-tools-for-stm32.9-2020-q2-update.win32_2.0.0.202105311346/tools/bin/../lib/gcc/arm-none-eabi/9.3.1/../../../../arm-none-eabi/lib/thumb/v7-m/nofp\libc_nano.a(lib_a-impure.o)
                0x0000000020000014                _impure_ptr
 .data.impure_data
                0x0000000020000018       0x60 d:/subjects/mcu document/stm32cubeide_1.7.0/stm32cubeide/plugins/com.st.stm32cube.ide.mcu.externaltools.gnu-tools-for-stm32.9-2020-q2-update.win32_2.0.0.202105311346/tools/bin/../lib/gcc/arm-none-eabi/9.3.1/../../../../arm-none-eabi/lib/thumb/v7-m/nofp\libc_nano.a(lib_a-impure.o)
 *(.RamFunc)
 *(.RamFunc*)
                0x0000000020000078                . = ALIGN (0x4)
                0x0000000020000078                _edata = .

.igot.plt       0x0000000020000078        0x0 load address 0x00000000080023b8
 .igot.plt      0x0000000020000078        0x0 d:/subjects/mcu document/stm32cubeide_1.7.0/stm32cubeide/plugins/com.st.stm32cube.ide.mcu.externaltools.gnu-tools-for-stm32.9-2020-q2-update.win32_2.0.0.202105311346/tools/bin/../lib/gcc/arm-none-eabi/9.3.1/thumb/v7-m/nofp/crtbegin.o
                0x0000000020000078                . = ALIGN (0x4)

.bss            0x0000000020000078      0x13c load address 0x00000000080023b8
                0x0000000020000078                _sbss = .
                0x0000000020000078                __bss_start__ = _sbss
 *(.bss)
 .bss           0x0000000020000078       0x1c d:/subjects/mcu document/stm32cubeide_1.7.0/stm32cubeide/plugins/com.st.stm32cube.ide.mcu.externaltools.gnu-tools-for-stm32.9-2020-q2-update.win32_2.0.0.202105311346/tools/bin/../lib/gcc/arm-none-eabi/9.3.1/thumb/v7-m/nofp/crtbegin.o
 *(.bss*)
 .bss.__sbrk_heap_end
                0x0000000020000094        0x4 ./Core/Src/sysmem.o
 .bss.timer0_flag
                0x0000000020000098        0x4 ./Core/Src/timer.o
                0x0000000020000098                timer0_flag
 .bss.timer0_counter
                0x000000002000009c        0x4 ./Core/Src/timer.o
                0x000000002000009c                timer0_counter
 .bss.__malloc_free_list
                0x00000000200000a0        0x4 d:/subjects/mcu document/stm32cubeide_1.7.0/stm32cubeide/plugins/com.st.stm32cube.ide.mcu.externaltools.gnu-tools-for-stm32.9-2020-q2-update.win32_2.0.0.202105311346/tools/bin/../lib/gcc/arm-none-eabi/9.3.1/../../../../arm-none-eabi/lib/thumb/v7-m/nofp\libc_nano.a(lib_a-nano-mallocr.o)
                0x00000000200000a0                __malloc_free_list
 .bss.__malloc_sbrk_start
                0x00000000200000a4        0x4 d:/subjects/mcu document/stm32cubeide_1.7.0/stm32cubeide/plugins/com.st.stm32cube.ide.mcu.externaltools.gnu-tools-for-stm32.9-2020-q2-update.win32_2.0.0.202105311346/tools/bin/../lib/gcc/arm-none-eabi/9.3.1/../../../../arm-none-eabi/lib/thumb/v7-m/nofp\libc_nano.a(lib_a-nano-mallocr.o)
                0x00000000200000a4                __malloc_sbrk_start
 *(COMMON)
 COMMON         0x00000000200000a8       0xa4 ./Core/Src/linkedList.o
                0x00000000200000a8                Error_code_G
                0x00000000200000ac                indexTask
 COMMON         0x000000002000014c       0x48 ./Core/Src/main.o
                0x000000002000014c                htim2
 COMMON         0x0000000020000194        0xc ./Core/Src/scheduler.o
                0x0000000020000194                list
 COMMON         0x00000000200001a0        0x4 ./Drivers/STM32F1xx_HAL_Driver/Src/stm32f1xx_hal.o
                0x00000000200001a0                uwTick
 COMMON         0x00000000200001a4        0x4 d:/subjects/mcu document/stm32cubeide_1.7.0/stm32cubeide/plugins/com.st.stm32cube.ide.mcu.externaltools.gnu-tools-for-stm32.9-2020-q2-update.win32_2.0.0.202105311346/tools/bin/../lib/gcc/arm-none-eabi/9.3.1/../../../../arm-none-eabi/lib/thumb/v7-m/nofp\libc_nano.a(lib_a-reent.o)
                0x00000000200001a4                errno
 COMMON         0x00000000200001a8        0x9 d:/subjects/mcu document/stm32cubeide_1.7.0/stm32cubeide/plugins/com.st.stm32cube.ide.mcu.externaltools.gnu-tools-for-stm32.9-2020-q2-update.win32_2.0.0.202105311346/tools/bin/../lib/gcc/arm-none-eabi/9.3.1/../../../../arm-none-eabi/lib/thumb/v7-m/nofp\libc_nano.a(lib_a-lock.o)
                0x00000000200001a8                __lock___atexit_recursive_mutex
                0x00000000200001a9                __lock___arc4random_mutex
                0x00000000200001aa                __lock___env_recursive_mutex
                0x00000000200001ab                __lock___sinit_recursive_mutex
                0x00000000200001ac                __lock___malloc_recursive_mutex
                0x00000000200001ad                __lock___at_quick_exit_mutex
                0x00000000200001ae                __lock___dd_hash_mutex
                0x00000000200001af                __lock___tz_mutex
                0x00000000200001b0                __lock___sfp_recursive_mutex
                0x00000000200001b4                . = ALIGN (0x4)
 *fill*         0x00000000200001b1        0x3 
                0x00000000200001b4                _ebss = .
                0x00000000200001b4                __bss_end__ = _ebss

._user_heap_stack
                0x00000000200001b4      0x604 load address 0x00000000080023b8
                0x00000000200001b8                . = ALIGN (0x8)
 *fill*         0x00000000200001b4        0x4 
                [!provide]                        PROVIDE (end = .)
                0x00000000200001b8                PROVIDE (_end = .)
                0x00000000200003b8                . = (. + _Min_Heap_Size)
 *fill*         0x00000000200001b8      0x200 
                0x00000000200007b8                . = (. + _Min_Stack_Size)
 *fill*         0x00000000200003b8      0x400 
                0x00000000200007b8                . = ALIGN (0x8)

/DISCARD/
 libc.a(*)
 libm.a(*)
 libgcc.a(*)

.ARM.attributes
                0x0000000000000000       0x29
 *(.ARM.attributes)
 .ARM.attributes
                0x0000000000000000       0x1d d:/subjects/mcu document/stm32cubeide_1.7.0/stm32cubeide/plugins/com.st.stm32cube.ide.mcu.externaltools.gnu-tools-for-stm32.9-2020-q2-update.win32_2.0.0.202105311346/tools/bin/../lib/gcc/arm-none-eabi/9.3.1/thumb/v7-m/nofp/crti.o
 .ARM.attributes
                0x000000000000001d       0x2d d:/subjects/mcu document/stm32cubeide_1.7.0/stm32cubeide/plugins/com.st.stm32cube.ide.mcu.externaltools.gnu-tools-for-stm32.9-2020-q2-update.win32_2.0.0.202105311346/tools/bin/../lib/gcc/arm-none-eabi/9.3.1/thumb/v7-m/nofp/crtbegin.o
 .ARM.attributes
                0x000000000000004a       0x2d ./Core/Src/linkedList.o
 .ARM.attributes
                0x0000000000000077       0x2d ./Core/Src/main.o
 .ARM.attributes
                0x00000000000000a4       0x2d ./Core/Src/scheduler.o
 .ARM.attributes
                0x00000000000000d1       0x2d ./Core/Src/stm32f1xx_hal_msp.o
 .ARM.attributes
                0x00000000000000fe       0x2d ./Core/Src/stm32f1xx_it.o
 .ARM.attributes
                0x000000000000012b       0x2d ./Core/Src/sysmem.o
 .ARM.attributes
                0x0000000000000158       0x2d ./Core/Src/system_stm32f1xx.o
 .ARM.attributes
                0x0000000000000185       0x2d ./Core/Src/timer.o
 .ARM.attributes
                0x00000000000001b2       0x21 ./Core/Startup/startup_stm32f103c6ux.o
 .ARM.attributes
                0x00000000000001d3       0x2d ./Drivers/STM32F1xx_HAL_Driver/Src/stm32f1xx_hal.o
 .ARM.attributes
                0x0000000000000200       0x2d ./Drivers/STM32F1xx_HAL_Driver/Src/stm32f1xx_hal_cortex.o
 .ARM.attributes
                0x000000000000022d       0x2d ./Drivers/STM32F1xx_HAL_Driver/Src/stm32f1xx_hal_gpio.o
 .ARM.attributes
                0x000000000000025a       0x2d ./Drivers/STM32F1xx_HAL_Driver/Src/stm32f1xx_hal_pwr.o
 .ARM.attributes
                0x0000000000000287       0x2d ./Drivers/STM32F1xx_HAL_Driver/Src/stm32f1xx_hal_rcc.o
 .ARM.attributes
                0x00000000000002b4       0x2d ./Drivers/STM32F1xx_HAL_Driver/Src/stm32f1xx_hal_tim.o
 .ARM.attributes
                0x00000000000002e1       0x2d ./Drivers/STM32F1xx_HAL_Driver/Src/stm32f1xx_hal_tim_ex.o
 .ARM.attributes
                0x000000000000030e       0x2d d:/subjects/mcu document/stm32cubeide_1.7.0/stm32cubeide/plugins/com.st.stm32cube.ide.mcu.externaltools.gnu-tools-for-stm32.9-2020-q2-update.win32_2.0.0.202105311346/tools/bin/../lib/gcc/arm-none-eabi/9.3.1/../../../../arm-none-eabi/lib/thumb/v7-m/nofp\libc_nano.a(lib_a-errno.o)
 .ARM.attributes
                0x000000000000033b       0x2d d:/subjects/mcu document/stm32cubeide_1.7.0/stm32cubeide/plugins/com.st.stm32cube.ide.mcu.externaltools.gnu-tools-for-stm32.9-2020-q2-update.win32_2.0.0.202105311346/tools/bin/../lib/gcc/arm-none-eabi/9.3.1/../../../../arm-none-eabi/lib/thumb/v7-m/nofp\libc_nano.a(lib_a-impure.o)
 .ARM.attributes
                0x0000000000000368       0x2d d:/subjects/mcu document/stm32cubeide_1.7.0/stm32cubeide/plugins/com.st.stm32cube.ide.mcu.externaltools.gnu-tools-for-stm32.9-2020-q2-update.win32_2.0.0.202105311346/tools/bin/../lib/gcc/arm-none-eabi/9.3.1/../../../../arm-none-eabi/lib/thumb/v7-m/nofp\libc_nano.a(lib_a-init.o)
 .ARM.attributes
                0x0000000000000395       0x2d d:/subjects/mcu document/stm32cubeide_1.7.0/stm32cubeide/plugins/com.st.stm32cube.ide.mcu.externaltools.gnu-tools-for-stm32.9-2020-q2-update.win32_2.0.0.202105311346/tools/bin/../lib/gcc/arm-none-eabi/9.3.1/../../../../arm-none-eabi/lib/thumb/v7-m/nofp\libc_nano.a(lib_a-malloc.o)
 .ARM.attributes
                0x00000000000003c2       0x2d d:/subjects/mcu document/stm32cubeide_1.7.0/stm32cubeide/plugins/com.st.stm32cube.ide.mcu.externaltools.gnu-tools-for-stm32.9-2020-q2-update.win32_2.0.0.202105311346/tools/bin/../lib/gcc/arm-none-eabi/9.3.1/../../../../arm-none-eabi/lib/thumb/v7-m/nofp\libc_nano.a(lib_a-memset.o)
 .ARM.attributes
                0x00000000000003ef       0x2d d:/subjects/mcu document/stm32cubeide_1.7.0/stm32cubeide/plugins/com.st.stm32cube.ide.mcu.externaltools.gnu-tools-for-stm32.9-2020-q2-update.win32_2.0.0.202105311346/tools/bin/../lib/gcc/arm-none-eabi/9.3.1/../../../../arm-none-eabi/lib/thumb/v7-m/nofp\libc_nano.a(lib_a-nano-freer.o)
 .ARM.attributes
                0x000000000000041c       0x2d d:/subjects/mcu document/stm32cubeide_1.7.0/stm32cubeide/plugins/com.st.stm32cube.ide.mcu.externaltools.gnu-tools-for-stm32.9-2020-q2-update.win32_2.0.0.202105311346/tools/bin/../lib/gcc/arm-none-eabi/9.3.1/../../../../arm-none-eabi/lib/thumb/v7-m/nofp\libc_nano.a(lib_a-nano-mallocr.o)
 .ARM.attributes
                0x0000000000000449       0x2d d:/subjects/mcu document/stm32cubeide_1.7.0/stm32cubeide/plugins/com.st.stm32cube.ide.mcu.externaltools.gnu-tools-for-stm32.9-2020-q2-update.win32_2.0.0.202105311346/tools/bin/../lib/gcc/arm-none-eabi/9.3.1/../../../../arm-none-eabi/lib/thumb/v7-m/nofp\libc_nano.a(lib_a-sbrkr.o)
 .ARM.attributes
                0x0000000000000476       0x2d d:/subjects/mcu document/stm32cubeide_1.7.0/stm32cubeide/plugins/com.st.stm32cube.ide.mcu.externaltools.gnu-tools-for-stm32.9-2020-q2-update.win32_2.0.0.202105311346/tools/bin/../lib/gcc/arm-none-eabi/9.3.1/../../../../arm-none-eabi/lib/thumb/v7-m/nofp\libc_nano.a(lib_a-mlock.o)
 .ARM.attributes
                0x00000000000004a3       0x2d d:/subjects/mcu document/stm32cubeide_1.7.0/stm32cubeide/plugins/com.st.stm32cube.ide.mcu.externaltools.gnu-tools-for-stm32.9-2020-q2-update.win32_2.0.0.202105311346/tools/bin/../lib/gcc/arm-none-eabi/9.3.1/../../../../arm-none-eabi/lib/thumb/v7-m/nofp\libc_nano.a(lib_a-reent.o)
 .ARM.attributes
                0x00000000000004d0       0x2d d:/subjects/mcu document/stm32cubeide_1.7.0/stm32cubeide/plugins/com.st.stm32cube.ide.mcu.externaltools.gnu-tools-for-stm32.9-2020-q2-update.win32_2.0.0.202105311346/tools/bin/../lib/gcc/arm-none-eabi/9.3.1/../../../../arm-none-eabi/lib/thumb/v7-m/nofp\libc_nano.a(lib_a-lock.o)
 .ARM.attributes
                0x00000000000004fd       0x1d d:/subjects/mcu document/stm32cubeide_1.7.0/stm32cubeide/plugins/com.st.stm32cube.ide.mcu.externaltools.gnu-tools-for-stm32.9-2020-q2-update.win32_2.0.0.202105311346/tools/bin/../lib/gcc/arm-none-eabi/9.3.1/thumb/v7-m/nofp/crtn.o
OUTPUT(Lab4.elf elf32-littlearm)
LOAD linker stubs
LOAD d:/subjects/mcu document/stm32cubeide_1.7.0/stm32cubeide/plugins/com.st.stm32cube.ide.mcu.externaltools.gnu-tools-for-stm32.9-2020-q2-update.win32_2.0.0.202105311346/tools/bin/../lib/gcc/arm-none-eabi/9.3.1/../../../../arm-none-eabi/lib/thumb/v7-m/nofp\libc.a
LOAD d:/subjects/mcu document/stm32cubeide_1.7.0/stm32cubeide/plugins/com.st.stm32cube.ide.mcu.externaltools.gnu-tools-for-stm32.9-2020-q2-update.win32_2.0.0.202105311346/tools/bin/../lib/gcc/arm-none-eabi/9.3.1/../../../../arm-none-eabi/lib/thumb/v7-m/nofp\libm.a
LOAD d:/subjects/mcu document/stm32cubeide_1.7.0/stm32cubeide/plugins/com.st.stm32cube.ide.mcu.externaltools.gnu-tools-for-stm32.9-2020-q2-update.win32_2.0.0.202105311346/tools/bin/../lib/gcc/arm-none-eabi/9.3.1/thumb/v7-m/nofp\libgcc.a

.debug_info     0x0000000000000000     0xb6c6
 .debug_info    0x0000000000000000      0xc59 ./Core/Src/linkedList.o
 .debug_info    0x0000000000000c59     0x15b8 ./Core/Src/main.o
 .debug_info    0x0000000000002211      0xc72 ./Core/Src/scheduler.o
 .debug_info    0x0000000000002e83      0xa04 ./Core/Src/stm32f1xx_hal_msp.o
 .debug_info    0x0000000000003887      0x7b4 ./Core/Src/stm32f1xx_it.o
 .debug_info    0x000000000000403b      0xa25 ./Core/Src/sysmem.o
 .debug_info    0x0000000000004a60      0x2be ./Core/Src/system_stm32f1xx.o
 .debug_info    0x0000000000004d1e       0xa3 ./Core/Src/timer.o
 .debug_info    0x0000000000004dc1       0x22 ./Core/Startup/startup_stm32f103c6ux.o
 .debug_info    0x0000000000004de3      0x74c ./Drivers/STM32F1xx_HAL_Driver/Src/stm32f1xx_hal.o
 .debug_info    0x000000000000552f      0xbbe ./Drivers/STM32F1xx_HAL_Driver/Src/stm32f1xx_hal_cortex.o
 .debug_info    0x00000000000060ed      0x701 ./Drivers/STM32F1xx_HAL_Driver/Src/stm32f1xx_hal_gpio.o
 .debug_info    0x00000000000067ee      0x730 ./Drivers/STM32F1xx_HAL_Driver/Src/stm32f1xx_hal_pwr.o
 .debug_info    0x0000000000006f1e      0x88e ./Drivers/STM32F1xx_HAL_Driver/Src/stm32f1xx_hal_rcc.o
 .debug_info    0x00000000000077ac     0x2a45 ./Drivers/STM32F1xx_HAL_Driver/Src/stm32f1xx_hal_tim.o
 .debug_info    0x000000000000a1f1     0x14d5 ./Drivers/STM32F1xx_HAL_Driver/Src/stm32f1xx_hal_tim_ex.o

.debug_abbrev   0x0000000000000000     0x1e9a
 .debug_abbrev  0x0000000000000000      0x241 ./Core/Src/linkedList.o
 .debug_abbrev  0x0000000000000241      0x2b0 ./Core/Src/main.o
 .debug_abbrev  0x00000000000004f1      0x291 ./Core/Src/scheduler.o
 .debug_abbrev  0x0000000000000782      0x1b7 ./Core/Src/stm32f1xx_hal_msp.o
 .debug_abbrev  0x0000000000000939      0x176 ./Core/Src/stm32f1xx_it.o
 .debug_abbrev  0x0000000000000aaf      0x1bf ./Core/Src/sysmem.o
 .debug_abbrev  0x0000000000000c6e      0x14e ./Core/Src/system_stm32f1xx.o
 .debug_abbrev  0x0000000000000dbc       0x9a ./Core/Src/timer.o
 .debug_abbrev  0x0000000000000e56       0x12 ./Core/Startup/startup_stm32f103c6ux.o
 .debug_abbrev  0x0000000000000e68      0x1ed ./Drivers/STM32F1xx_HAL_Driver/Src/stm32f1xx_hal.o
 .debug_abbrev  0x0000000000001055      0x313 ./Drivers/STM32F1xx_HAL_Driver/Src/stm32f1xx_hal_cortex.o
 .debug_abbrev  0x0000000000001368      0x1e8 ./Drivers/STM32F1xx_HAL_Driver/Src/stm32f1xx_hal_gpio.o
 .debug_abbrev  0x0000000000001550      0x213 ./Drivers/STM32F1xx_HAL_Driver/Src/stm32f1xx_hal_pwr.o
 .debug_abbrev  0x0000000000001763      0x273 ./Drivers/STM32F1xx_HAL_Driver/Src/stm32f1xx_hal_rcc.o
 .debug_abbrev  0x00000000000019d6      0x25e ./Drivers/STM32F1xx_HAL_Driver/Src/stm32f1xx_hal_tim.o
 .debug_abbrev  0x0000000000001c34      0x266 ./Drivers/STM32F1xx_HAL_Driver/Src/stm32f1xx_hal_tim_ex.o

.debug_aranges  0x0000000000000000      0xac8
 .debug_aranges
                0x0000000000000000       0x30 ./Core/Src/linkedList.o
 .debug_aranges
                0x0000000000000030       0x78 ./Core/Src/main.o
 .debug_aranges
                0x00000000000000a8       0x48 ./Core/Src/scheduler.o
 .debug_aranges
                0x00000000000000f0       0x30 ./Core/Src/stm32f1xx_hal_msp.o
 .debug_aranges
                0x0000000000000120       0x68 ./Core/Src/stm32f1xx_it.o
 .debug_aranges
                0x0000000000000188       0x20 ./Core/Src/sysmem.o
 .debug_aranges
                0x00000000000001a8       0x28 ./Core/Src/system_stm32f1xx.o
 .debug_aranges
                0x00000000000001d0       0x28 ./Core/Src/timer.o
 .debug_aranges
                0x00000000000001f8       0x28 ./Core/Startup/startup_stm32f103c6ux.o
 .debug_aranges
                0x0000000000000220       0xe0 ./Drivers/STM32F1xx_HAL_Driver/Src/stm32f1xx_hal.o
 .debug_aranges
                0x0000000000000300      0x100 ./Drivers/STM32F1xx_HAL_Driver/Src/stm32f1xx_hal_cortex.o
 .debug_aranges
                0x0000000000000400       0x58 ./Drivers/STM32F1xx_HAL_Driver/Src/stm32f1xx_hal_gpio.o
 .debug_aranges
                0x0000000000000458       0xa8 ./Drivers/STM32F1xx_HAL_Driver/Src/stm32f1xx_hal_pwr.o
 .debug_aranges
                0x0000000000000500       0x90 ./Drivers/STM32F1xx_HAL_Driver/Src/stm32f1xx_hal_rcc.o
 .debug_aranges
                0x0000000000000590      0x3d0 ./Drivers/STM32F1xx_HAL_Driver/Src/stm32f1xx_hal_tim.o
 .debug_aranges
                0x0000000000000960      0x168 ./Drivers/STM32F1xx_HAL_Driver/Src/stm32f1xx_hal_tim_ex.o

.debug_ranges   0x0000000000000000      0x9d0
 .debug_ranges  0x0000000000000000       0x20 ./Core/Src/linkedList.o
 .debug_ranges  0x0000000000000020       0x68 ./Core/Src/main.o
 .debug_ranges  0x0000000000000088       0x38 ./Core/Src/scheduler.o
 .debug_ranges  0x00000000000000c0       0x20 ./Core/Src/stm32f1xx_hal_msp.o
 .debug_ranges  0x00000000000000e0       0x58 ./Core/Src/stm32f1xx_it.o
 .debug_ranges  0x0000000000000138       0x10 ./Core/Src/sysmem.o
 .debug_ranges  0x0000000000000148       0x18 ./Core/Src/system_stm32f1xx.o
 .debug_ranges  0x0000000000000160       0x18 ./Core/Src/timer.o
 .debug_ranges  0x0000000000000178       0x20 ./Core/Startup/startup_stm32f103c6ux.o
 .debug_ranges  0x0000000000000198       0xd0 ./Drivers/STM32F1xx_HAL_Driver/Src/stm32f1xx_hal.o
 .debug_ranges  0x0000000000000268       0xf0 ./Drivers/STM32F1xx_HAL_Driver/Src/stm32f1xx_hal_cortex.o
 .debug_ranges  0x0000000000000358       0x48 ./Drivers/STM32F1xx_HAL_Driver/Src/stm32f1xx_hal_gpio.o
 .debug_ranges  0x00000000000003a0       0x98 ./Drivers/STM32F1xx_HAL_Driver/Src/stm32f1xx_hal_pwr.o
 .debug_ranges  0x0000000000000438       0x80 ./Drivers/STM32F1xx_HAL_Driver/Src/stm32f1xx_hal_rcc.o
 .debug_ranges  0x00000000000004b8      0x3c0 ./Drivers/STM32F1xx_HAL_Driver/Src/stm32f1xx_hal_tim.o
 .debug_ranges  0x0000000000000878      0x158 ./Drivers/STM32F1xx_HAL_Driver/Src/stm32f1xx_hal_tim_ex.o

.debug_macro    0x0000000000000000    0x181de
 .debug_macro   0x0000000000000000      0x351 ./Core/Src/linkedList.o
 .debug_macro   0x0000000000000351      0xa9c ./Core/Src/linkedList.o
 .debug_macro   0x0000000000000ded       0x22 ./Core/Src/linkedList.o
 .debug_macro   0x0000000000000e0f       0x4c ./Core/Src/linkedList.o
 .debug_macro   0x0000000000000e5b       0x18 ./Core/Src/linkedList.o
 .debug_macro   0x0000000000000e73       0x94 ./Core/Src/linkedList.o
 .debug_macro   0x0000000000000f07       0x3c ./Core/Src/linkedList.o
 .debug_macro   0x0000000000000f43       0x34 ./Core/Src/linkedList.o
 .debug_macro   0x0000000000000f77       0x16 ./Core/Src/linkedList.o
 .debug_macro   0x0000000000000f8d       0x57 ./Core/Src/linkedList.o
 .debug_macro   0x0000000000000fe4       0x97 ./Core/Src/linkedList.o
 .debug_macro   0x000000000000107b      0x339 ./Core/Src/linkedList.o
 .debug_macro   0x00000000000013b4       0xfd ./Core/Src/linkedList.o
 .debug_macro   0x00000000000014b1       0x10 ./Core/Src/linkedList.o
 .debug_macro   0x00000000000014c1       0x16 ./Core/Src/linkedList.o
 .debug_macro   0x00000000000014d7       0x43 ./Core/Src/linkedList.o
 .debug_macro   0x000000000000151a       0x34 ./Core/Src/linkedList.o
 .debug_macro   0x000000000000154e       0x10 ./Core/Src/linkedList.o
 .debug_macro   0x000000000000155e       0x58 ./Core/Src/linkedList.o
 .debug_macro   0x00000000000015b6       0x71 ./Core/Src/linkedList.o
 .debug_macro   0x0000000000001627       0x1c ./Core/Src/linkedList.o
 .debug_macro   0x0000000000001643      0x12a ./Core/Src/linkedList.o
 .debug_macro   0x000000000000176d       0x10 ./Core/Src/linkedList.o
 .debug_macro   0x000000000000177d       0x6a ./Core/Src/linkedList.o
 .debug_macro   0x00000000000017e7       0x1c ./Core/Src/linkedList.o
 .debug_macro   0x0000000000001803       0x52 ./Core/Src/linkedList.o
 .debug_macro   0x0000000000001855       0x22 ./Core/Src/linkedList.o
 .debug_macro   0x0000000000001877       0x10 ./Core/Src/linkedList.o
 .debug_macro   0x0000000000001887       0x40 ./Core/Src/linkedList.o
 .debug_macro   0x00000000000018c7       0xd5 ./Core/Src/linkedList.o
 .debug_macro   0x000000000000199c       0x1c ./Core/Src/linkedList.o
 .debug_macro   0x00000000000019b8       0x3d ./Core/Src/linkedList.o
 .debug_macro   0x00000000000019f5       0x16 ./Core/Src/linkedList.o
 .debug_macro   0x0000000000001a0b      0x145 ./Core/Src/linkedList.o
 .debug_macro   0x0000000000001b50      0x103 ./Core/Src/linkedList.o
 .debug_macro   0x0000000000001c53      0x1df ./Core/Src/linkedList.o
 .debug_macro   0x0000000000001e32       0x16 ./Core/Src/linkedList.o
 .debug_macro   0x0000000000001e48       0x35 ./Core/Src/linkedList.o
 .debug_macro   0x0000000000001e7d       0x16 ./Core/Src/linkedList.o
 .debug_macro   0x0000000000001e93       0x29 ./Core/Src/linkedList.o
 .debug_macro   0x0000000000001ebc      0x215 ./Core/Src/linkedList.o
 .debug_macro   0x00000000000020d1       0x2e ./Core/Src/linkedList.o
 .debug_macro   0x00000000000020ff       0x22 ./Core/Src/linkedList.o
 .debug_macro   0x0000000000002121       0x1c ./Core/Src/linkedList.o
 .debug_macro   0x000000000000213d       0x22 ./Core/Src/linkedList.o
 .debug_macro   0x000000000000215f       0xbd ./Core/Src/linkedList.o
 .debug_macro   0x000000000000221c      0xd23 ./Core/Src/linkedList.o
 .debug_macro   0x0000000000002f3f     0xde75 ./Core/Src/linkedList.o
 .debug_macro   0x0000000000010db4       0x6d ./Core/Src/linkedList.o
 .debug_macro   0x0000000000010e21     0x3468 ./Core/Src/linkedList.o
 .debug_macro   0x0000000000014289       0x56 ./Core/Src/linkedList.o
 .debug_macro   0x00000000000142df      0x5be ./Core/Src/linkedList.o
 .debug_macro   0x000000000001489d      0x1b7 ./Core/Src/linkedList.o
 .debug_macro   0x0000000000014a54      0x1cb ./Core/Src/linkedList.o
 .debug_macro   0x0000000000014c1f      0x114 ./Core/Src/linkedList.o
 .debug_macro   0x0000000000014d33      0x1b2 ./Core/Src/linkedList.o
 .debug_macro   0x0000000000014ee5       0x27 ./Core/Src/linkedList.o
 .debug_macro   0x0000000000014f0c      0x12f ./Core/Src/linkedList.o
 .debug_macro   0x000000000001503b      0x1bc ./Core/Src/linkedList.o
 .debug_macro   0x00000000000151f7       0x34 ./Core/Src/linkedList.o
 .debug_macro   0x000000000001522b       0x3c ./Core/Src/linkedList.o
 .debug_macro   0x0000000000015267       0x57 ./Core/Src/linkedList.o
 .debug_macro   0x00000000000152be       0x88 ./Core/Src/linkedList.o
 .debug_macro   0x0000000000015346      0x183 ./Core/Src/linkedList.o
 .debug_macro   0x00000000000154c9      0x141 ./Core/Src/linkedList.o
 .debug_macro   0x000000000001560a      0x8d1 ./Core/Src/linkedList.o
 .debug_macro   0x0000000000015edb       0x69 ./Core/Src/linkedList.o
 .debug_macro   0x0000000000015f44       0x4c ./Core/Src/linkedList.o
 .debug_macro   0x0000000000015f90       0x28 ./Core/Src/linkedList.o
 .debug_macro   0x0000000000015fb8      0x369 ./Core/Src/main.o
 .debug_macro   0x0000000000016321       0x8e ./Core/Src/main.o
 .debug_macro   0x00000000000163af       0x51 ./Core/Src/main.o
 .debug_macro   0x0000000000016400       0xc3 ./Core/Src/main.o
 .debug_macro   0x00000000000164c3      0x174 ./Core/Src/main.o
 .debug_macro   0x0000000000016637       0x5c ./Core/Src/main.o
 .debug_macro   0x0000000000016693       0x52 ./Core/Src/main.o
 .debug_macro   0x00000000000166e5      0x333 ./Core/Src/main.o
 .debug_macro   0x0000000000016a18      0x357 ./Core/Src/scheduler.o
 .debug_macro   0x0000000000016d6f      0x1a7 ./Core/Src/stm32f1xx_hal_msp.o
 .debug_macro   0x0000000000016f16      0x1b1 ./Core/Src/stm32f1xx_it.o
 .debug_macro   0x00000000000170c7       0xff ./Core/Src/sysmem.o
 .debug_macro   0x00000000000171c6      0x23b ./Core/Src/sysmem.o
 .debug_macro   0x0000000000017401      0x198 ./Core/Src/system_stm32f1xx.o
 .debug_macro   0x0000000000017599       0x1b ./Core/Src/timer.o
 .debug_macro   0x00000000000175b4      0x1bc ./Drivers/STM32F1xx_HAL_Driver/Src/stm32f1xx_hal.o
 .debug_macro   0x0000000000017770      0x198 ./Drivers/STM32F1xx_HAL_Driver/Src/stm32f1xx_hal_cortex.o
 .debug_macro   0x0000000000017908      0x203 ./Drivers/STM32F1xx_HAL_Driver/Src/stm32f1xx_hal_gpio.o
 .debug_macro   0x0000000000017b0b      0x1f8 ./Drivers/STM32F1xx_HAL_Driver/Src/stm32f1xx_hal_pwr.o
 .debug_macro   0x0000000000017d03      0x1aa ./Drivers/STM32F1xx_HAL_Driver/Src/stm32f1xx_hal_rcc.o
 .debug_macro   0x0000000000017ead      0x199 ./Drivers/STM32F1xx_HAL_Driver/Src/stm32f1xx_hal_tim.o
 .debug_macro   0x0000000000018046      0x198 ./Drivers/STM32F1xx_HAL_Driver/Src/stm32f1xx_hal_tim_ex.o

.debug_line     0x0000000000000000     0xbd63
 .debug_line    0x0000000000000000      0xc55 ./Core/Src/linkedList.o
 .debug_line    0x0000000000000c55      0xc83 ./Core/Src/main.o
 .debug_line    0x00000000000018d8      0xbfe ./Core/Src/scheduler.o
 .debug_line    0x00000000000024d6      0x6a1 ./Core/Src/stm32f1xx_hal_msp.o
 .debug_line    0x0000000000002b77      0x73f ./Core/Src/stm32f1xx_it.o
 .debug_line    0x00000000000032b6      0x4f8 ./Core/Src/sysmem.o
 .debug_line    0x00000000000037ae      0x6e3 ./Core/Src/system_stm32f1xx.o
 .debug_line    0x0000000000003e91       0x8e ./Core/Src/timer.o
 .debug_line    0x0000000000003f1f       0x87 ./Core/Startup/startup_stm32f103c6ux.o
 .debug_line    0x0000000000003fa6      0x910 ./Drivers/STM32F1xx_HAL_Driver/Src/stm32f1xx_hal.o
 .debug_line    0x00000000000048b6      0xaf8 ./Drivers/STM32F1xx_HAL_Driver/Src/stm32f1xx_hal_cortex.o
 .debug_line    0x00000000000053ae      0x991 ./Drivers/STM32F1xx_HAL_Driver/Src/stm32f1xx_hal_gpio.o
 .debug_line    0x0000000000005d3f      0x892 ./Drivers/STM32F1xx_HAL_Driver/Src/stm32f1xx_hal_pwr.o
 .debug_line    0x00000000000065d1      0xd1e ./Drivers/STM32F1xx_HAL_Driver/Src/stm32f1xx_hal_rcc.o
 .debug_line    0x00000000000072ef     0x326e ./Drivers/STM32F1xx_HAL_Driver/Src/stm32f1xx_hal_tim.o
 .debug_line    0x000000000000a55d     0x1806 ./Drivers/STM32F1xx_HAL_Driver/Src/stm32f1xx_hal_tim_ex.o

.debug_str      0x0000000000000000    0x868ef
 .debug_str     0x0000000000000000    0x83474 ./Core/Src/linkedList.o
                                      0x83854 (size before relaxing)
 .debug_str     0x0000000000083474      0x788 ./Core/Src/main.o
                                      0x84047 (size before relaxing)
 .debug_str     0x0000000000083bfc       0x82 ./Core/Src/scheduler.o
                                      0x838a6 (size before relaxing)
 .debug_str     0x0000000000083c7e      0x2ba ./Core/Src/stm32f1xx_hal_msp.o
                                      0x7fd89 (size before relaxing)
 .debug_str     0x0000000000083f38       0xcd ./Core/Src/stm32f1xx_it.o
                                      0x7faeb (size before relaxing)
 .debug_str     0x0000000000084005      0x4e9 ./Core/Src/sysmem.o
                                       0x6246 (size before relaxing)
 .debug_str     0x00000000000844ee       0x52 ./Core/Src/system_stm32f1xx.o
                                      0x7f4ef (size before relaxing)
 .debug_str     0x0000000000084540       0x4b ./Core/Src/timer.o
                                       0x2dac (size before relaxing)
 .debug_str     0x000000000008458b       0x36 ./Core/Startup/startup_stm32f103c6ux.o
                                         0x5a (size before relaxing)
 .debug_str     0x00000000000845c1      0x304 ./Drivers/STM32F1xx_HAL_Driver/Src/stm32f1xx_hal.o
                                      0x7fb46 (size before relaxing)
 .debug_str     0x00000000000848c5      0x300 ./Drivers/STM32F1xx_HAL_Driver/Src/stm32f1xx_hal_cortex.o
                                      0x7fb4e (size before relaxing)
 .debug_str     0x0000000000084bc5      0x324 ./Drivers/STM32F1xx_HAL_Driver/Src/stm32f1xx_hal_gpio.o
                                      0x7f8b3 (size before relaxing)
 .debug_str     0x0000000000084ee9      0x507 ./Drivers/STM32F1xx_HAL_Driver/Src/stm32f1xx_hal_pwr.o
                                      0x7fa52 (size before relaxing)
 .debug_str     0x00000000000853f0      0x243 ./Drivers/STM32F1xx_HAL_Driver/Src/stm32f1xx_hal_rcc.o
                                      0x7f8ec (size before relaxing)
 .debug_str     0x0000000000085633      0xdce ./Drivers/STM32F1xx_HAL_Driver/Src/stm32f1xx_hal_tim.o
                                      0x808be (size before relaxing)
 .debug_str     0x0000000000086401      0x4ee ./Drivers/STM32F1xx_HAL_Driver/Src/stm32f1xx_hal_tim_ex.o
                                      0x8006f (size before relaxing)

.comment        0x0000000000000000       0x53
 .comment       0x0000000000000000       0x53 ./Core/Src/linkedList.o
                                         0x54 (size before relaxing)
 .comment       0x0000000000000053       0x54 ./Core/Src/main.o
 .comment       0x0000000000000053       0x54 ./Core/Src/scheduler.o
 .comment       0x0000000000000053       0x54 ./Core/Src/stm32f1xx_hal_msp.o
 .comment       0x0000000000000053       0x54 ./Core/Src/stm32f1xx_it.o
 .comment       0x0000000000000053       0x54 ./Core/Src/sysmem.o
 .comment       0x0000000000000053       0x54 ./Core/Src/system_stm32f1xx.o
 .comment       0x0000000000000053       0x54 ./Core/Src/timer.o
 .comment       0x0000000000000053       0x54 ./Drivers/STM32F1xx_HAL_Driver/Src/stm32f1xx_hal.o
 .comment       0x0000000000000053       0x54 ./Drivers/STM32F1xx_HAL_Driver/Src/stm32f1xx_hal_cortex.o
 .comment       0x0000000000000053       0x54 ./Drivers/STM32F1xx_HAL_Driver/Src/stm32f1xx_hal_gpio.o
 .comment       0x0000000000000053       0x54 ./Drivers/STM32F1xx_HAL_Driver/Src/stm32f1xx_hal_pwr.o
 .comment       0x0000000000000053       0x54 ./Drivers/STM32F1xx_HAL_Driver/Src/stm32f1xx_hal_rcc.o
 .comment       0x0000000000000053       0x54 ./Drivers/STM32F1xx_HAL_Driver/Src/stm32f1xx_hal_tim.o
 .comment       0x0000000000000053       0x54 ./Drivers/STM32F1xx_HAL_Driver/Src/stm32f1xx_hal_tim_ex.o

.debug_frame    0x0000000000000000     0x2cfc
 .debug_frame   0x0000000000000000       0x7c ./Core/Src/linkedList.o
 .debug_frame   0x000000000000007c      0x180 ./Core/Src/main.o
 .debug_frame   0x00000000000001fc       0xec ./Core/Src/scheduler.o
 .debug_frame   0x00000000000002e8       0x80 ./Core/Src/stm32f1xx_hal_msp.o
 .debug_frame   0x0000000000000368      0x120 ./Core/Src/stm32f1xx_it.o
 .debug_frame   0x0000000000000488       0x34 ./Core/Src/sysmem.o
 .debug_frame   0x00000000000004bc       0x58 ./Core/Src/system_stm32f1xx.o
 .debug_frame   0x0000000000000514       0x58 ./Core/Src/timer.o
 .debug_frame   0x000000000000056c      0x334 ./Drivers/STM32F1xx_HAL_Driver/Src/stm32f1xx_hal.o
 .debug_frame   0x00000000000008a0      0x428 ./Drivers/STM32F1xx_HAL_Driver/Src/stm32f1xx_hal_cortex.o
 .debug_frame   0x0000000000000cc8      0x14c ./Drivers/STM32F1xx_HAL_Driver/Src/stm32f1xx_hal_gpio.o
 .debug_frame   0x0000000000000e14      0x270 ./Drivers/STM32F1xx_HAL_Driver/Src/stm32f1xx_hal_pwr.o
 .debug_frame   0x0000000000001084      0x21c ./Drivers/STM32F1xx_HAL_Driver/Src/stm32f1xx_hal_rcc.o
 .debug_frame   0x00000000000012a0     0x11b8 ./Drivers/STM32F1xx_HAL_Driver/Src/stm32f1xx_hal_tim.o
 .debug_frame   0x0000000000002458      0x638 ./Drivers/STM32F1xx_HAL_Driver/Src/stm32f1xx_hal_tim_ex.o
 .debug_frame   0x0000000000002a90       0x20 d:/subjects/mcu document/stm32cubeide_1.7.0/stm32cubeide/plugins/com.st.stm32cube.ide.mcu.externaltools.gnu-tools-for-stm32.9-2020-q2-update.win32_2.0.0.202105311346/tools/bin/../lib/gcc/arm-none-eabi/9.3.1/../../../../arm-none-eabi/lib/thumb/v7-m/nofp\libc_nano.a(lib_a-errno.o)
 .debug_frame   0x0000000000002ab0       0x2c d:/subjects/mcu document/stm32cubeide_1.7.0/stm32cubeide/plugins/com.st.stm32cube.ide.mcu.externaltools.gnu-tools-for-stm32.9-2020-q2-update.win32_2.0.0.202105311346/tools/bin/../lib/gcc/arm-none-eabi/9.3.1/../../../../arm-none-eabi/lib/thumb/v7-m/nofp\libc_nano.a(lib_a-init.o)
 .debug_frame   0x0000000000002adc       0x30 d:/subjects/mcu document/stm32cubeide_1.7.0/stm32cubeide/plugins/com.st.stm32cube.ide.mcu.externaltools.gnu-tools-for-stm32.9-2020-q2-update.win32_2.0.0.202105311346/tools/bin/../lib/gcc/arm-none-eabi/9.3.1/../../../../arm-none-eabi/lib/thumb/v7-m/nofp\libc_nano.a(lib_a-malloc.o)
 .debug_frame   0x0000000000002b0c       0x20 d:/subjects/mcu document/stm32cubeide_1.7.0/stm32cubeide/plugins/com.st.stm32cube.ide.mcu.externaltools.gnu-tools-for-stm32.9-2020-q2-update.win32_2.0.0.202105311346/tools/bin/../lib/gcc/arm-none-eabi/9.3.1/../../../../arm-none-eabi/lib/thumb/v7-m/nofp\libc_nano.a(lib_a-memset.o)
 .debug_frame   0x0000000000002b2c       0x38 d:/subjects/mcu document/stm32cubeide_1.7.0/stm32cubeide/plugins/com.st.stm32cube.ide.mcu.externaltools.gnu-tools-for-stm32.9-2020-q2-update.win32_2.0.0.202105311346/tools/bin/../lib/gcc/arm-none-eabi/9.3.1/../../../../arm-none-eabi/lib/thumb/v7-m/nofp\libc_nano.a(lib_a-nano-freer.o)
 .debug_frame   0x0000000000002b64       0x30 d:/subjects/mcu document/stm32cubeide_1.7.0/stm32cubeide/plugins/com.st.stm32cube.ide.mcu.externaltools.gnu-tools-for-stm32.9-2020-q2-update.win32_2.0.0.202105311346/tools/bin/../lib/gcc/arm-none-eabi/9.3.1/../../../../arm-none-eabi/lib/thumb/v7-m/nofp\libc_nano.a(lib_a-nano-mallocr.o)
 .debug_frame   0x0000000000002b94       0x2c d:/subjects/mcu document/stm32cubeide_1.7.0/stm32cubeide/plugins/com.st.stm32cube.ide.mcu.externaltools.gnu-tools-for-stm32.9-2020-q2-update.win32_2.0.0.202105311346/tools/bin/../lib/gcc/arm-none-eabi/9.3.1/../../../../arm-none-eabi/lib/thumb/v7-m/nofp\libc_nano.a(lib_a-sbrkr.o)
 .debug_frame   0x0000000000002bc0       0x30 d:/subjects/mcu document/stm32cubeide_1.7.0/stm32cubeide/plugins/com.st.stm32cube.ide.mcu.externaltools.gnu-tools-for-stm32.9-2020-q2-update.win32_2.0.0.202105311346/tools/bin/../lib/gcc/arm-none-eabi/9.3.1/../../../../arm-none-eabi/lib/thumb/v7-m/nofp\libc_nano.a(lib_a-mlock.o)
 .debug_frame   0x0000000000002bf0       0x5c d:/subjects/mcu document/stm32cubeide_1.7.0/stm32cubeide/plugins/com.st.stm32cube.ide.mcu.externaltools.gnu-tools-for-stm32.9-2020-q2-update.win32_2.0.0.202105311346/tools/bin/../lib/gcc/arm-none-eabi/9.3.1/../../../../arm-none-eabi/lib/thumb/v7-m/nofp\libc_nano.a(lib_a-reent.o)
 .debug_frame   0x0000000000002c4c       0xb0 d:/subjects/mcu document/stm32cubeide_1.7.0/stm32cubeide/plugins/com.st.stm32cube.ide.mcu.externaltools.gnu-tools-for-stm32.9-2020-q2-update.win32_2.0.0.202105311346/tools/bin/../lib/gcc/arm-none-eabi/9.3.1/../../../../arm-none-eabi/lib/thumb/v7-m/nofp\libc_nano.a(lib_a-lock.o)
